 Welcome to HYDRUS                                                       
 
 Program HYDRUS2
 Date:  17. 2.2023    Time:   2:28:21
 Time independent boundary conditions
 Vertical plane flow, V = L*L
 Units: L = cm   , T = days , M = mmol 
 

 Boundary length [L] associated with different types of boundary conditions

